// Jest Snapshot v1, https://goo.gl/fbAQLP

exports[`renders selected correctly 1`] = `
<View
  accessible={true}
  focusable={true}
  nativeBackgroundAndroid={
    Object {
      "attribute": "selectableItemBackground",
      "type": "ThemeAttrAndroid",
    }
  }
  onClick={[Function]}
  onResponderGrant={[Function]}
  onResponderMove={[Function]}
  onResponderRelease={[Function]}
  onResponderTerminate={[Function]}
  onResponderTerminationRequest={[Function]}
  onStartShouldSetResponder={[Function]}
>
  <View
    style={
      Object {
        "alignItems": "center",
        "borderBottomWidth": 1,
        "borderColor": "#EDEEEF",
        "flexDirection": "row",
        "marginLeft": 16,
        "paddingVertical": 14,
      }
    }
  >
    <View
      style={
        Object {
          "marginRight": 16,
        }
      }
    >
      <View
        style={
          Object {
            "borderColor": "#9CA4A9",
            "borderRadius": 12,
            "borderWidth": 2,
            "height": 24,
            "paddingTop": 2,
            "width": 24,
          }
        }
      />
    </View>
    <Text
      numberOfLines={1}
      style={
        Object {
          "color": "#2E3338",
          "flex": 1,
          "fontFamily": "Inter-Regular",
          "fontSize": 16,
          "lineHeight": 22,
          "marginRight": 16,
        }
      }
    />
  </View>
</View>
`;

exports[`renders unselected correctly 1`] = `
<View
  accessible={true}
  focusable={true}
  nativeBackgroundAndroid={
    Object {
      "attribute": "selectableItemBackground",
      "type": "ThemeAttrAndroid",
    }
  }
  onClick={[Function]}
  onResponderGrant={[Function]}
  onResponderMove={[Function]}
  onResponderRelease={[Function]}
  onResponderTerminate={[Function]}
  onResponderTerminationRequest={[Function]}
  onStartShouldSetResponder={[Function]}
>
  <View
    style={
      Object {
        "alignItems": "center",
        "borderBottomWidth": 1,
        "borderColor": "#EDEEEF",
        "flexDirection": "row",
        "marginLeft": 16,
        "paddingVertical": 14,
      }
    }
  >
    <View
      style={
        Object {
          "marginRight": 16,
        }
      }
    >
      <View
        style={
          Object {
            "borderColor": "#9CA4A9",
            "borderRadius": 12,
            "borderWidth": 2,
            "height": 24,
            "paddingTop": 2,
            "width": 24,
          }
        }
      />
    </View>
    <Text
      numberOfLines={1}
      style={
        Object {
          "color": "#2E3338",
          "flex": 1,
          "fontFamily": "Inter-Regular",
          "fontSize": 16,
          "lineHeight": 22,
          "marginRight": 16,
        }
      }
    />
  </View>
</View>
`;
