// Jest Snapshot v1, https://goo.gl/fbAQLP

exports[`renders correctly 1`] = `
<View
  style={
    Object {
      "backgroundColor": "#FFFFFF",
      "flex": 1,
      "justifyContent": "space-between",
    }
  }
>
  <RCTScrollView
    contentContainerStyle={
      Object {
        "flex": 1,
        "flexDirection": "column",
        "justifyContent": "flex-start",
        "paddingBottom": 30,
        "paddingHorizontal": 24,
      }
    }
  >
    <View>
      <View
        style={
          Object {
            "alignItems": "center",
            "flexDirection": "column",
            "paddingTop": 20,
          }
        }
      >
        <View
          style={
            Array [
              Object {
                "alignItems": "center",
                "flexDirection": "row",
                "justifyContent": "center",
              },
              undefined,
            ]
          }
        >
          <View
            style={
              Array [
                Object {
                  "alignItems": "center",
                  "justifyContent": "center",
                },
                Object {
                  "backgroundColor": "#7AD6FE",
                  "borderRadius": 60,
                  "height": 120,
                  "width": 120,
                },
              ]
            }
          >
            <Text
              style={
                Array [
                  Object {
                    "color": "#FFFFFF",
                    "fontFamily": "Inter-Medium",
                    "fontSize": 16,
                  },
                  Object {
                    "fontSize": 60,
                  },
                ]
              }
            >
              J
            </Text>
          </View>
        </View>
      </View>
      <Text
        style={
          Object {
            "color": "#2E3338",
            "fontFamily": "Inter-SemiBold",
            "fontSize": 19,
            "lineHeight": 26,
            "paddingHorizontal": 5,
            "paddingVertical": 20,
            "textAlign": "center",
          }
        }
      >
        requestUnavailableHeader
      </Text>
      <Text
        style={
          Object {
            "color": "#2E3338",
            "fontFamily": "Inter-Regular",
            "fontSize": 16,
            "lineHeight": 22,
            "paddingBottom": 20,
            "textAlign": "center",
          }
        }
      >
        requestUnavailableBody
      </Text>
    </View>
  </RCTScrollView>
</View>
`;
